<html>
<body>
<pre>
<h1>µVision Build Log</h1>
<h2>Tool Versions:</h2>
IDE-Version: ¦ÌVision V5.24.2.0
Copyright (C) 2017 ARM Ltd and ARM Germany GmbH. All rights reserved.
License Information: Y CX, HP Inc., LIC=MPPLD-84R5G-BS2YX-HP6TI-1KVDK-JDBB9
 
Tool Versions:
Toolchain:       MDK-ARM Plus  Version: 5.24.1
Toolchain Path:  C:\Keil_v5\ARM\ARMCC\Bin
C Compiler:      Armcc.exe V5.06 update 5 (build 528)
Assembler:       Armasm.exe V5.06 update 5 (build 528)
Linker/Locator:  ArmLink.exe V5.06 update 5 (build 528)
Library Manager: ArmAr.exe V5.06 update 5 (build 528)
Hex Converter:   FromElf.exe V5.06 update 5 (build 528)
CPU DLL:         SARMCM3.DLL V5.24.1
Dialog DLL:      DCM.DLL V1.16.0.0
Target DLL:      STLink\ST-LINKIII-KEIL_SWO.dll V3.0.1.0
Dialog DLL:      TCM.DLL V1.32.0.0
 
<h2>Project:</h2>
C:\Users\ycx\Desktop\OLED_I2C\MDK-ARM\OLED_I2C.uvprojx
Project File Date:  02/14/2025

<h2>Output:</h2>
*** Using Compiler 'V5.06 update 5 (build 528)', folder: 'C:\Keil_v5\ARM\ARMCC\Bin'
Rebuild target 'OLED_I2C'
assembling startup_stm32f103xb.s...
compiling stm32f1xx_it.c...
compiling stm32f1xx_hal.c...
compiling stm32f1xx_hal_msp.c...
compiling dma.c...
compiling stm32f1xx_hal_cortex.c...
compiling main.c...
..\Drivers\Third_Party\I2C_OLED\oled.h(11): warning:  #1295-D: Deprecated declaration oled_init - give arg types
      oled_init();
../Core/Src/main.c: 1 warning, 0 errors
compiling tim.c...
compiling gpio.c...
compiling stm32f1xx_hal_gpio_ex.c...
compiling i2c.c...
compiling stm32f1xx_hal_gpio.c...
compiling stm32f1xx_hal_pwr.c...
compiling stm32f1xx_hal_rcc_ex.c...
compiling stm32f1xx_hal_dma.c...
compiling stm32f1xx_hal_rcc.c...
compiling stm32f1xx_hal_i2c.c...
compiling mui.c...
..\Drivers\Third_Party\u8g2\mui.c(591): warning:  #177-D: function "mui_task_read_nth_selectable_field"  was declared but never referenced
  static uint8_t mui_task_read_nth_selectable_field(mui_t *ui)
..\Drivers\Third_Party\u8g2\mui.c: 1 warning, 0 errors
compiling u8g2_arc.c...
compiling u8g2_bitmap.c...
compiling u8g2_box.c...
compiling u8g2_buffer.c...
compiling u8g2_button.c...
compiling mui_u8g2.c...
..\Drivers\Third_Party\u8g2\mui_u8g2.c(1256): warning:  #177-D: variable "s"  was declared but never referenced
    char *s = buf;
..\Drivers\Third_Party\u8g2\mui_u8g2.c: 1 warning, 0 errors
compiling u8g2_cleardisplay.c...
compiling u8g2_circle.c...
compiling stm32f1xx_hal_flash.c...
compiling u8g2_d_memory.c...
compiling u8g2_d_setup.c...
compiling u8g2_hvline.c...
compiling u8g2_font.c...
compiling u8g2_input_value.c...
compiling u8g2_intersection.c...
compiling stm32f1xx_hal_flash_ex.c...
compiling u8g2_kerning.c...
compiling u8g2_line.c...
compiling stm32f1xx_hal_exti.c...
compiling u8g2_ll_hvline.c...
compiling u8g2_message.c...
compiling u8g2_polygon.c...
compiling u8g2_selection_list.c...
compiling u8g2_setup.c...
..\Drivers\Third_Party\u8g2\u8g2_setup.c(469): warning:  #1-D: last line of file ends without a newline
    
..\Drivers\Third_Party\u8g2\u8g2_setup.c: 1 warning, 0 errors
compiling u8log.c...
compiling system_stm32f1xx.c...
compiling u8log_u8x8.c...
compiling u8log_u8g2.c...
compiling u8x8_8x8.c...
compiling stm32f1xx_hal_tim_ex.c...
compiling u8x8_byte.c...
compiling u8x8_cad.c...
compiling u8x8_capture.c...
..\Drivers\Third_Party\u8g2\u8x8_capture.c(254): warning:  #1-D: last line of file ends without a newline
  #endif
..\Drivers\Third_Party\u8g2\u8x8_capture.c: 1 warning, 0 errors
compiling u8x8_d_ssd1306_128x64_noname.c...
compiling u8x8_debounce.c...
compiling stm32f1xx_hal_tim.c...
compiling u8x8_display.c...
..\Drivers\Third_Party\u8g2\u8x8_display.c(203): warning:  #1-D: last line of file ends without a newline
  }
..\Drivers\Third_Party\u8g2\u8x8_display.c: 1 warning, 0 errors
compiling u8g2_fonts.c...
compiling u8x8_fonts.c...
compiling u8x8_gpio.c...
..\Drivers\Third_Party\u8g2\u8x8_gpio.c(50): warning:  #1-D: last line of file ends without a newline
  */
..\Drivers\Third_Party\u8g2\u8x8_gpio.c: 1 warning, 0 errors
compiling u8x8_input_value.c...
compiling u8x8_message.c...
compiling u8x8_selection_list.c...
compiling u8x8_setup.c...
compiling u8x8_string.c...
compiling u8x8_u8toa.c...
..\Drivers\Third_Party\u8g2\u8x8_u8toa.c(93): warning:  #1-D: last line of file ends without a newline
   
..\Drivers\Third_Party\u8g2\u8x8_u8toa.c: 1 warning, 0 errors
compiling u8x8_u16toa.c...
..\Drivers\Third_Party\u8g2\u8x8_u16toa.c(77): warning:  #1-D: last line of file ends without a newline
  }
..\Drivers\Third_Party\u8g2\u8x8_u16toa.c: 1 warning, 0 errors
compiling oled.c...
..\Drivers\Third_Party\I2C_OLED\oled.h(11): warning:  #1295-D: Deprecated declaration oled_init - give arg types
      oled_init();
..\Drivers\Third_Party\I2C_OLED\oled.c: 1 warning, 0 errors
linking...
Program Size: Code=13220 RO-data=2668 RW-data=32 ZI-data=3160  
FromELF: creating hex file...
"OLED_I2C\OLED_I2C.axf" - 0 Error(s), 10 Warning(s).

<h2>Software Packages used:</h2>

Package Vendor: ARM
                http://www.keil.com/pack/ARM.CMSIS.5.0.1.pack
                ARM.CMSIS.5.0.1
                CMSIS (Cortex Microcontroller Software Interface Standard)
   * Component: CORE Version: 5.0.1

Package Vendor: Keil
                http://www.keil.com/pack/Keil.STM32F1xx_DFP.2.2.0.pack
                Keil.STM32F1xx_DFP.2.2.0
                STMicroelectronics STM32F1 Series Device Support, Drivers and Examples

<h2>Collection of Component include folders:</h2>
  .\RTE\_OLED_I2C
  C:\Keil_v5\ARM\PACK\ARM\CMSIS\5.0.1\CMSIS\Include
  C:\Keil_v5\ARM\PACK\Keil\STM32F1xx_DFP\2.2.0\Device\Include

<h2>Collection of Component Files used:</h2>

   * Component: ARM::CMSIS:CORE:5.0.1
Build Time Elapsed:  00:00:07
</pre>
</body>
</html>
